Archive member included to satisfy reference by file (symbol)

c:/program files (x86)/atmel/studio/7.0/toolchain/avr8/avr8-gnu-toolchain/bin/../lib/gcc/avr/5.4.0/avr5\libgcc.a(_udivmodsi4.o)
                              src/hal/hardware_timer.o (__udivmodsi4)
c:/program files (x86)/atmel/studio/7.0/toolchain/avr8/avr8-gnu-toolchain/bin/../lib/gcc/avr/5.4.0/avr5\libgcc.a(_divmodsi4.o)
                              src/Datalink.o (__divmodsi4)
c:/program files (x86)/atmel/studio/7.0/toolchain/avr8/avr8-gnu-toolchain/bin/../lib/gcc/avr/5.4.0/avr5\libgcc.a(_negsi2.o)
                              c:/program files (x86)/atmel/studio/7.0/toolchain/avr8/avr8-gnu-toolchain/bin/../lib/gcc/avr/5.4.0/avr5\libgcc.a(_divmodsi4.o) (__negsi2)
c:/program files (x86)/atmel/studio/7.0/toolchain/avr8/avr8-gnu-toolchain/bin/../lib/gcc/avr/5.4.0/avr5\libgcc.a(_exit.o)
                              C:/Program Files (x86)/Atmel/Studio/7.0/Packs/atmel/ATmega_DFP/1.7.374/gcc/dev/atmega328p/avr5/crtatmega328p.o (exit)
c:/program files (x86)/atmel/studio/7.0/toolchain/avr8/avr8-gnu-toolchain/bin/../lib/gcc/avr/5.4.0/avr5\libgcc.a(_copy_data.o)
                              src/Datalink.o (__do_copy_data)
c:/program files (x86)/atmel/studio/7.0/toolchain/avr8/avr8-gnu-toolchain/bin/../lib/gcc/avr/5.4.0/avr5\libgcc.a(_clear_bss.o)
                              src/Datalink.o (__do_clear_bss)
c:/program files (x86)/atmel/studio/7.0/toolchain/avr8/avr8-gnu-toolchain/bin/../lib/gcc/avr/5.4.0/avr5\libgcc.a(_ctors.o)
                              src/Playlist.o (__do_global_ctors)
c:/program files (x86)/atmel/studio/7.0/toolchain/avr8/avr8-gnu-toolchain/bin/../lib/gcc/avr/5.4.0/avr5\libgcc.a(_umulhisi3.o)
                              src/Soundboard.o (__umulhisi3)
c:/program files (x86)/atmel/studio/7.0/toolchain/avr8/avr8-gnu-toolchain/bin/../lib/gcc/avr/5.4.0/avr5\libgcc.a(_muluhisi3.o)
                              src/Datalink.o (__muluhisi3)
c:/program files (x86)/atmel/studio/7.0/toolchain/avr8/avr8-gnu-toolchain/bin/../lib/gcc/avr/5.4.0/avr5\libgcc.a(_tablejump2.o)
                              c:/program files (x86)/atmel/studio/7.0/toolchain/avr8/avr8-gnu-toolchain/bin/../lib/gcc/avr/5.4.0/avr5\libgcc.a(_ctors.o) (__tablejump2__)
c:/program files (x86)/atmel/studio/7.0/toolchain/avr8/avr8-gnu-toolchain/bin/../lib/gcc/avr/5.4.0/../../../../avr/lib/avr5\libc.a(memmove.o)
                              src/hal/uart.o (memmove)
c:/program files (x86)/atmel/studio/7.0/toolchain/avr8/avr8-gnu-toolchain/bin/../lib/gcc/avr/5.4.0/../../../../avr/lib/avr5\libc.a(memcpy.o)
                              c:/program files (x86)/atmel/studio/7.0/toolchain/avr8/avr8-gnu-toolchain/bin/../lib/gcc/avr/5.4.0/../../../../avr/lib/avr5\libc.a(memmove.o) (memcpy)

Discarded input sections

 .data          0x00000000        0x0 C:/Program Files (x86)/Atmel/Studio/7.0/Packs/atmel/ATmega_DFP/1.7.374/gcc/dev/atmega328p/avr5/crtatmega328p.o
 .bss           0x00000000        0x0 C:/Program Files (x86)/Atmel/Studio/7.0/Packs/atmel/ATmega_DFP/1.7.374/gcc/dev/atmega328p/avr5/crtatmega328p.o
 .text          0x00000000        0x0 src/Datalink.o
 .data          0x00000000        0x0 src/Datalink.o
 .bss           0x00000000        0x0 src/Datalink.o
 .text._ZN8Datalink12calculateCRCEPhb
                0x00000000       0x40 src/Datalink.o
 .text._ZN8Datalink12initDatalinkENS_8baudRateE
                0x00000000       0x9c src/Datalink.o
 .rodata.str1.1
                0x00000000       0x43 src/Datalink.o
 .text._ZN8Datalink10sendPacketERNS_6PacketE
                0x00000000       0x3a src/Datalink.o
 .text._ZN8Datalink10recvPacketERNS_6PacketE
                0x00000000      0x148 src/Datalink.o
 .text._ZN8Datalink7flushRXEv
                0x00000000       0x22 src/Datalink.o
 .text._ZN8Datalink12initTopologyEhhb
                0x00000000       0xcc src/Datalink.o
 .rodata._ZL11CRC_8_TABLE
                0x00000000      0x100 src/Datalink.o
 .bss._ZN8Datalink9errorDataE
                0x00000000        0x1 src/Datalink.o
 .bss._ZN8Datalink8errorMsgE
                0x00000000        0x2 src/Datalink.o
 .bss._ZN8Datalink18packetReceiveTimerE
                0x00000000        0x2 src/Datalink.o
 .bss._ZN8Datalink19packetReceiveTimeUSE
                0x00000000        0x4 src/Datalink.o
 .bss._ZN8Datalink14datalinkPacketE
                0x00000000        0x3 src/Datalink.o
 .bss._ZN8Datalink7nodeNumE
                0x00000000        0x1 src/Datalink.o
 .bss._ZN8Datalink8replyingE
                0x00000000        0x1 src/Datalink.o
 .bss._ZN8Datalink11initializedE
                0x00000000        0x1 src/Datalink.o
 .debug_info    0x00000000      0xad7 src/Datalink.o
 .debug_abbrev  0x00000000      0x39d src/Datalink.o
 .debug_loc     0x00000000      0x443 src/Datalink.o
 .debug_aranges
                0x00000000       0x48 src/Datalink.o
 .debug_ranges  0x00000000       0x50 src/Datalink.o
 .debug_line    0x00000000      0x368 src/Datalink.o
 .debug_str     0x00000000      0x90f src/Datalink.o
 .comment       0x00000000       0x31 src/Datalink.o
 .debug_frame   0x00000000       0xf4 src/Datalink.o
 .text          0x00000000        0x0 src/Gameplay.o
 .data          0x00000000        0x0 src/Gameplay.o
 .bss           0x00000000        0x0 src/Gameplay.o
 .text._Z26gameplay_spawn_enemy_laserh
                0x00000000       0x4e src/Gameplay.o
 .text          0x00000000        0x0 src/Graphics.o
 .data          0x00000000        0x0 src/Graphics.o
 .bss           0x00000000        0x0 src/Graphics.o
 .text          0x00000000        0x0 src/hal/hardware_timer.o
 .data          0x00000000        0x0 src/hal/hardware_timer.o
 .bss           0x00000000        0x0 src/hal/hardware_timer.o
 .text          0x00000000        0x0 src/hal/spi.o
 .data          0x00000000        0x0 src/hal/spi.o
 .bss           0x00000000        0x0 src/hal/spi.o
 .text          0x00000000        0x0 src/hal/st7735.o
 .data          0x00000000        0x0 src/hal/st7735.o
 .bss           0x00000000        0x0 src/hal/st7735.o
 .text          0x00000000        0x0 src/hal/uart.o
 .data          0x00000000        0x0 src/hal/uart.o
 .bss           0x00000000        0x0 src/hal/uart.o
 .text.uart_begin
                0x00000000       0x22 src/hal/uart.o
 .text.uart_recv
                0x00000000       0x7e src/hal/uart.o
 .text.uart_send
                0x00000000       0x76 src/hal/uart.o
 .text.uart_is_rx_empty
                0x00000000        0xc src/hal/uart.o
 .text          0x00000000        0x0 src/main.o
 .data          0x00000000        0x0 src/main.o
 .bss           0x00000000        0x0 src/main.o
 .text          0x00000000        0x0 src/Menu.o
 .data          0x00000000        0x0 src/Menu.o
 .bss           0x00000000        0x0 src/Menu.o
 .text          0x00000000        0x0 src/Messenger.o
 .data          0x00000000        0x0 src/Messenger.o
 .bss           0x00000000        0x0 src/Messenger.o
 .debug_line    0x00000000        0x0 src/Messenger.o
 .debug_str     0x00000000      0x176 src/Messenger.o
 .comment       0x00000000       0x31 src/Messenger.o
 .text          0x00000000        0x0 src/Playlist.o
 .data          0x00000000        0x0 src/Playlist.o
 .bss           0x00000000        0x0 src/Playlist.o
 .text          0x00000000        0x0 src/SoftwareTimer.o
 .data          0x00000000        0x0 src/SoftwareTimer.o
 .bss           0x00000000        0x0 src/SoftwareTimer.o
 .text          0x00000000        0x0 src/Soundboard.o
 .data          0x00000000        0x0 src/Soundboard.o
 .bss           0x00000000        0x0 src/Soundboard.o
 .text          0x00000000        0x0 c:/program files (x86)/atmel/studio/7.0/toolchain/avr8/avr8-gnu-toolchain/bin/../lib/gcc/avr/5.4.0/avr5\libgcc.a(_udivmodsi4.o)
 .data          0x00000000        0x0 c:/program files (x86)/atmel/studio/7.0/toolchain/avr8/avr8-gnu-toolchain/bin/../lib/gcc/avr/5.4.0/avr5\libgcc.a(_udivmodsi4.o)
 .bss           0x00000000        0x0 c:/program files (x86)/atmel/studio/7.0/toolchain/avr8/avr8-gnu-toolchain/bin/../lib/gcc/avr/5.4.0/avr5\libgcc.a(_udivmodsi4.o)
 .text.libgcc.mul
                0x00000000        0x0 c:/program files (x86)/atmel/studio/7.0/toolchain/avr8/avr8-gnu-toolchain/bin/../lib/gcc/avr/5.4.0/avr5\libgcc.a(_udivmodsi4.o)
 .text.libgcc   0x00000000        0x0 c:/program files (x86)/atmel/studio/7.0/toolchain/avr8/avr8-gnu-toolchain/bin/../lib/gcc/avr/5.4.0/avr5\libgcc.a(_udivmodsi4.o)
 .text.libgcc.prologue
                0x00000000        0x0 c:/program files (x86)/atmel/studio/7.0/toolchain/avr8/avr8-gnu-toolchain/bin/../lib/gcc/avr/5.4.0/avr5\libgcc.a(_udivmodsi4.o)
 .text.libgcc.builtins
                0x00000000        0x0 c:/program files (x86)/atmel/studio/7.0/toolchain/avr8/avr8-gnu-toolchain/bin/../lib/gcc/avr/5.4.0/avr5\libgcc.a(_udivmodsi4.o)
 .text.libgcc.fmul
                0x00000000        0x0 c:/program files (x86)/atmel/studio/7.0/toolchain/avr8/avr8-gnu-toolchain/bin/../lib/gcc/avr/5.4.0/avr5\libgcc.a(_udivmodsi4.o)
 .text.libgcc.fixed
                0x00000000        0x0 c:/program files (x86)/atmel/studio/7.0/toolchain/avr8/avr8-gnu-toolchain/bin/../lib/gcc/avr/5.4.0/avr5\libgcc.a(_udivmodsi4.o)
 .text          0x00000000        0x0 c:/program files (x86)/atmel/studio/7.0/toolchain/avr8/avr8-gnu-toolchain/bin/../lib/gcc/avr/5.4.0/avr5\libgcc.a(_divmodsi4.o)
 .data          0x00000000        0x0 c:/program files (x86)/atmel/studio/7.0/toolchain/avr8/avr8-gnu-toolchain/bin/../lib/gcc/avr/5.4.0/avr5\libgcc.a(_divmodsi4.o)
 .bss           0x00000000        0x0 c:/program files (x86)/atmel/studio/7.0/toolchain/avr8/avr8-gnu-toolchain/bin/../lib/gcc/avr/5.4.0/avr5\libgcc.a(_divmodsi4.o)
 .text.libgcc.mul
                0x00000000        0x0 c:/program files (x86)/atmel/studio/7.0/toolchain/avr8/avr8-gnu-toolchain/bin/../lib/gcc/avr/5.4.0/avr5\libgcc.a(_divmodsi4.o)
 .text.libgcc.div
                0x00000000       0x2e c:/program files (x86)/atmel/studio/7.0/toolchain/avr8/avr8-gnu-toolchain/bin/../lib/gcc/avr/5.4.0/avr5\libgcc.a(_divmodsi4.o)
 .text.libgcc   0x00000000        0x0 c:/program files (x86)/atmel/studio/7.0/toolchain/avr8/avr8-gnu-toolchain/bin/../lib/gcc/avr/5.4.0/avr5\libgcc.a(_divmodsi4.o)
 .text.libgcc.prologue
                0x00000000        0x0 c:/program files (x86)/atmel/studio/7.0/toolchain/avr8/avr8-gnu-toolchain/bin/../lib/gcc/avr/5.4.0/avr5\libgcc.a(_divmodsi4.o)
 .text.libgcc.builtins
                0x00000000        0x0 c:/program files (x86)/atmel/studio/7.0/toolchain/avr8/avr8-gnu-toolchain/bin/../lib/gcc/avr/5.4.0/avr5\libgcc.a(_divmodsi4.o)
 .text.libgcc.fmul
                0x00000000        0x0 c:/program files (x86)/atmel/studio/7.0/toolchain/avr8/avr8-gnu-toolchain/bin/../lib/gcc/avr/5.4.0/avr5\libgcc.a(_divmodsi4.o)
 .text.libgcc.fixed
                0x00000000        0x0 c:/program files (x86)/atmel/studio/7.0/toolchain/avr8/avr8-gnu-toolchain/bin/../lib/gcc/avr/5.4.0/avr5\libgcc.a(_divmodsi4.o)
 .text          0x00000000        0x0 c:/program files (x86)/atmel/studio/7.0/toolchain/avr8/avr8-gnu-toolchain/bin/../lib/gcc/avr/5.4.0/avr5\libgcc.a(_negsi2.o)
 .data          0x00000000        0x0 c:/program files (x86)/atmel/studio/7.0/toolchain/avr8/avr8-gnu-toolchain/bin/../lib/gcc/avr/5.4.0/avr5\libgcc.a(_negsi2.o)
 .bss           0x00000000        0x0 c:/program files (x86)/atmel/studio/7.0/toolchain/avr8/avr8-gnu-toolchain/bin/../lib/gcc/avr/5.4.0/avr5\libgcc.a(_negsi2.o)
 .text.libgcc.mul
                0x00000000        0x0 c:/program files (x86)/atmel/studio/7.0/toolchain/avr8/avr8-gnu-toolchain/bin/../lib/gcc/avr/5.4.0/avr5\libgcc.a(_negsi2.o)
 .text.libgcc.div
                0x00000000       0x10 c:/program files (x86)/atmel/studio/7.0/toolchain/avr8/avr8-gnu-toolchain/bin/../lib/gcc/avr/5.4.0/avr5\libgcc.a(_negsi2.o)
 .text.libgcc   0x00000000        0x0 c:/program files (x86)/atmel/studio/7.0/toolchain/avr8/avr8-gnu-toolchain/bin/../lib/gcc/avr/5.4.0/avr5\libgcc.a(_negsi2.o)
 .text.libgcc.prologue
                0x00000000        0x0 c:/program files (x86)/atmel/studio/7.0/toolchain/avr8/avr8-gnu-toolchain/bin/../lib/gcc/avr/5.4.0/avr5\libgcc.a(_negsi2.o)
 .text.libgcc.builtins
                0x00000000        0x0 c:/program files (x86)/atmel/studio/7.0/toolchain/avr8/avr8-gnu-toolchain/bin/../lib/gcc/avr/5.4.0/avr5\libgcc.a(_negsi2.o)
 .text.libgcc.fmul
                0x00000000        0x0 c:/program files (x86)/atmel/studio/7.0/toolchain/avr8/avr8-gnu-toolchain/bin/../lib/gcc/avr/5.4.0/avr5\libgcc.a(_negsi2.o)
 .text.libgcc.fixed
                0x00000000        0x0 c:/program files (x86)/atmel/studio/7.0/toolchain/avr8/avr8-gnu-toolchain/bin/../lib/gcc/avr/5.4.0/avr5\libgcc.a(_negsi2.o)
 .text          0x00000000        0x0 c:/program files (x86)/atmel/studio/7.0/toolchain/avr8/avr8-gnu-toolchain/bin/../lib/gcc/avr/5.4.0/avr5\libgcc.a(_exit.o)
 .data          0x00000000        0x0 c:/program files (x86)/atmel/studio/7.0/toolchain/avr8/avr8-gnu-toolchain/bin/../lib/gcc/avr/5.4.0/avr5\libgcc.a(_exit.o)
 .bss           0x00000000        0x0 c:/program files (x86)/atmel/studio/7.0/toolchain/avr8/avr8-gnu-toolchain/bin/../lib/gcc/avr/5.4.0/avr5\libgcc.a(_exit.o)
 .text.libgcc.mul
                0x00000000        0x0 c:/program files (x86)/atmel/studio/7.0/toolchain/avr8/avr8-gnu-toolchain/bin/../lib/gcc/avr/5.4.0/avr5\libgcc.a(_exit.o)
 .text.libgcc.div
                0x00000000        0x0 c:/program files (x86)/atmel/studio/7.0/toolchain/avr8/avr8-gnu-toolchain/bin/../lib/gcc/avr/5.4.0/avr5\libgcc.a(_exit.o)
 .text.libgcc   0x00000000        0x0 c:/program files (x86)/atmel/studio/7.0/toolchain/avr8/avr8-gnu-toolchain/bin/../lib/gcc/avr/5.4.0/avr5\libgcc.a(_exit.o)
 .text.libgcc.prologue
                0x00000000        0x0 c:/program files (x86)/atmel/studio/7.0/toolchain/avr8/avr8-gnu-toolchain/bin/../lib/gcc/avr/5.4.0/avr5\libgcc.a(_exit.o)
 .text.libgcc.builtins
                0x00000000        0x0 c:/program files (x86)/atmel/studio/7.0/toolchain/avr8/avr8-gnu-toolchain/bin/../lib/gcc/avr/5.4.0/avr5\libgcc.a(_exit.o)
 .text.libgcc.fmul
                0x00000000        0x0 c:/program files (x86)/atmel/studio/7.0/toolchain/avr8/avr8-gnu-toolchain/bin/../lib/gcc/avr/5.4.0/avr5\libgcc.a(_exit.o)
 .text.libgcc.fixed
                0x00000000        0x0 c:/program files (x86)/atmel/studio/7.0/toolchain/avr8/avr8-gnu-toolchain/bin/../lib/gcc/avr/5.4.0/avr5\libgcc.a(_exit.o)
 .text          0x00000000        0x0 c:/program files (x86)/atmel/studio/7.0/toolchain/avr8/avr8-gnu-toolchain/bin/../lib/gcc/avr/5.4.0/avr5\libgcc.a(_copy_data.o)
 .data          0x00000000        0x0 c:/program files (x86)/atmel/studio/7.0/toolchain/avr8/avr8-gnu-toolchain/bin/../lib/gcc/avr/5.4.0/avr5\libgcc.a(_copy_data.o)
 .bss           0x00000000        0x0 c:/program files (x86)/atmel/studio/7.0/toolchain/avr8/avr8-gnu-toolchain/bin/../lib/gcc/avr/5.4.0/avr5\libgcc.a(_copy_data.o)
 .text.libgcc.mul
                0x00000000        0x0 c:/program files (x86)/atmel/studio/7.0/toolchain/avr8/avr8-gnu-toolchain/bin/../lib/gcc/avr/5.4.0/avr5\libgcc.a(_copy_data.o)
 .text.libgcc.div
                0x00000000        0x0 c:/program files (x86)/atmel/studio/7.0/toolchain/avr8/avr8-gnu-toolchain/bin/../lib/gcc/avr/5.4.0/avr5\libgcc.a(_copy_data.o)
 .text.libgcc   0x00000000        0x0 c:/program files (x86)/atmel/studio/7.0/toolchain/avr8/avr8-gnu-toolchain/bin/../lib/gcc/avr/5.4.0/avr5\libgcc.a(_copy_data.o)
 .text.libgcc.prologue
                0x00000000        0x0 c:/program files (x86)/atmel/studio/7.0/toolchain/avr8/avr8-gnu-toolchain/bin/../lib/gcc/avr/5.4.0/avr5\libgcc.a(_copy_data.o)
 .text.libgcc.builtins
                0x00000000        0x0 c:/program files (x86)/atmel/studio/7.0/toolchain/avr8/avr8-gnu-toolchain/bin/../lib/gcc/avr/5.4.0/avr5\libgcc.a(_copy_data.o)
 .text.libgcc.fmul
                0x00000000        0x0 c:/program files (x86)/atmel/studio/7.0/toolchain/avr8/avr8-gnu-toolchain/bin/../lib/gcc/avr/5.4.0/avr5\libgcc.a(_copy_data.o)
 .text.libgcc.fixed
                0x00000000        0x0 c:/program files (x86)/atmel/studio/7.0/toolchain/avr8/avr8-gnu-toolchain/bin/../lib/gcc/avr/5.4.0/avr5\libgcc.a(_copy_data.o)
 .text          0x00000000        0x0 c:/program files (x86)/atmel/studio/7.0/toolchain/avr8/avr8-gnu-toolchain/bin/../lib/gcc/avr/5.4.0/avr5\libgcc.a(_clear_bss.o)
 .data          0x00000000        0x0 c:/program files (x86)/atmel/studio/7.0/toolchain/avr8/avr8-gnu-toolchain/bin/../lib/gcc/avr/5.4.0/avr5\libgcc.a(_clear_bss.o)
 .bss           0x00000000        0x0 c:/program files (x86)/atmel/studio/7.0/toolchain/avr8/avr8-gnu-toolchain/bin/../lib/gcc/avr/5.4.0/avr5\libgcc.a(_clear_bss.o)
 .text.libgcc.mul
                0x00000000        0x0 c:/program files (x86)/atmel/studio/7.0/toolchain/avr8/avr8-gnu-toolchain/bin/../lib/gcc/avr/5.4.0/avr5\libgcc.a(_clear_bss.o)
 .text.libgcc.div
                0x00000000        0x0 c:/program files (x86)/atmel/studio/7.0/toolchain/avr8/avr8-gnu-toolchain/bin/../lib/gcc/avr/5.4.0/avr5\libgcc.a(_clear_bss.o)
 .text.libgcc   0x00000000        0x0 c:/program files (x86)/atmel/studio/7.0/toolchain/avr8/avr8-gnu-toolchain/bin/../lib/gcc/avr/5.4.0/avr5\libgcc.a(_clear_bss.o)
 .text.libgcc.prologue
                0x00000000        0x0 c:/program files (x86)/atmel/studio/7.0/toolchain/avr8/avr8-gnu-toolchain/bin/../lib/gcc/avr/5.4.0/avr5\libgcc.a(_clear_bss.o)
 .text.libgcc.builtins
                0x00000000        0x0 c:/program files (x86)/atmel/studio/7.0/toolchain/avr8/avr8-gnu-toolchain/bin/../lib/gcc/avr/5.4.0/avr5\libgcc.a(_clear_bss.o)
 .text.libgcc.fmul
                0x00000000        0x0 c:/program files (x86)/atmel/studio/7.0/toolchain/avr8/avr8-gnu-toolchain/bin/../lib/gcc/avr/5.4.0/avr5\libgcc.a(_clear_bss.o)
 .text.libgcc.fixed
                0x00000000        0x0 c:/program files (x86)/atmel/studio/7.0/toolchain/avr8/avr8-gnu-toolchain/bin/../lib/gcc/avr/5.4.0/avr5\libgcc.a(_clear_bss.o)
 .text          0x00000000        0x0 c:/program files (x86)/atmel/studio/7.0/toolchain/avr8/avr8-gnu-toolchain/bin/../lib/gcc/avr/5.4.0/avr5\libgcc.a(_ctors.o)
 .data          0x00000000        0x0 c:/program files (x86)/atmel/studio/7.0/toolchain/avr8/avr8-gnu-toolchain/bin/../lib/gcc/avr/5.4.0/avr5\libgcc.a(_ctors.o)
 .bss           0x00000000        0x0 c:/program files (x86)/atmel/studio/7.0/toolchain/avr8/avr8-gnu-toolchain/bin/../lib/gcc/avr/5.4.0/avr5\libgcc.a(_ctors.o)
 .text.libgcc.mul
                0x00000000        0x0 c:/program files (x86)/atmel/studio/7.0/toolchain/avr8/avr8-gnu-toolchain/bin/../lib/gcc/avr/5.4.0/avr5\libgcc.a(_ctors.o)
 .text.libgcc.div
                0x00000000        0x0 c:/program files (x86)/atmel/studio/7.0/toolchain/avr8/avr8-gnu-toolchain/bin/../lib/gcc/avr/5.4.0/avr5\libgcc.a(_ctors.o)
 .text.libgcc   0x00000000        0x0 c:/program files (x86)/atmel/studio/7.0/toolchain/avr8/avr8-gnu-toolchain/bin/../lib/gcc/avr/5.4.0/avr5\libgcc.a(_ctors.o)
 .text.libgcc.prologue
                0x00000000        0x0 c:/program files (x86)/atmel/studio/7.0/toolchain/avr8/avr8-gnu-toolchain/bin/../lib/gcc/avr/5.4.0/avr5\libgcc.a(_ctors.o)
 .text.libgcc.builtins
                0x00000000        0x0 c:/program files (x86)/atmel/studio/7.0/toolchain/avr8/avr8-gnu-toolchain/bin/../lib/gcc/avr/5.4.0/avr5\libgcc.a(_ctors.o)
 .text.libgcc.fmul
                0x00000000        0x0 c:/program files (x86)/atmel/studio/7.0/toolchain/avr8/avr8-gnu-toolchain/bin/../lib/gcc/avr/5.4.0/avr5\libgcc.a(_ctors.o)
 .text.libgcc.fixed
                0x00000000        0x0 c:/program files (x86)/atmel/studio/7.0/toolchain/avr8/avr8-gnu-toolchain/bin/../lib/gcc/avr/5.4.0/avr5\libgcc.a(_ctors.o)
 .text          0x00000000        0x0 c:/program files (x86)/atmel/studio/7.0/toolchain/avr8/avr8-gnu-toolchain/bin/../lib/gcc/avr/5.4.0/avr5\libgcc.a(_umulhisi3.o)
 .data          0x00000000        0x0 c:/program files (x86)/atmel/studio/7.0/toolchain/avr8/avr8-gnu-toolchain/bin/../lib/gcc/avr/5.4.0/avr5\libgcc.a(_umulhisi3.o)
 .bss           0x00000000        0x0 c:/program files (x86)/atmel/studio/7.0/toolchain/avr8/avr8-gnu-toolchain/bin/../lib/gcc/avr/5.4.0/avr5\libgcc.a(_umulhisi3.o)
 .text.libgcc.div
                0x00000000        0x0 c:/program files (x86)/atmel/studio/7.0/toolchain/avr8/avr8-gnu-toolchain/bin/../lib/gcc/avr/5.4.0/avr5\libgcc.a(_umulhisi3.o)
 .text.libgcc   0x00000000        0x0 c:/program files (x86)/atmel/studio/7.0/toolchain/avr8/avr8-gnu-toolchain/bin/../lib/gcc/avr/5.4.0/avr5\libgcc.a(_umulhisi3.o)
 .text.libgcc.prologue
                0x00000000        0x0 c:/program files (x86)/atmel/studio/7.0/toolchain/avr8/avr8-gnu-toolchain/bin/../lib/gcc/avr/5.4.0/avr5\libgcc.a(_umulhisi3.o)
 .text.libgcc.builtins
                0x00000000        0x0 c:/program files (x86)/atmel/studio/7.0/toolchain/avr8/avr8-gnu-toolchain/bin/../lib/gcc/avr/5.4.0/avr5\libgcc.a(_umulhisi3.o)
 .text.libgcc.fmul
                0x00000000        0x0 c:/program files (x86)/atmel/studio/7.0/toolchain/avr8/avr8-gnu-toolchain/bin/../lib/gcc/avr/5.4.0/avr5\libgcc.a(_umulhisi3.o)
 .text.libgcc.fixed
                0x00000000        0x0 c:/program files (x86)/atmel/studio/7.0/toolchain/avr8/avr8-gnu-toolchain/bin/../lib/gcc/avr/5.4.0/avr5\libgcc.a(_umulhisi3.o)
 .text          0x00000000        0x0 c:/program files (x86)/atmel/studio/7.0/toolchain/avr8/avr8-gnu-toolchain/bin/../lib/gcc/avr/5.4.0/avr5\libgcc.a(_muluhisi3.o)
 .data          0x00000000        0x0 c:/program files (x86)/atmel/studio/7.0/toolchain/avr8/avr8-gnu-toolchain/bin/../lib/gcc/avr/5.4.0/avr5\libgcc.a(_muluhisi3.o)
 .bss           0x00000000        0x0 c:/program files (x86)/atmel/studio/7.0/toolchain/avr8/avr8-gnu-toolchain/bin/../lib/gcc/avr/5.4.0/avr5\libgcc.a(_muluhisi3.o)
 .text.libgcc.mul
                0x00000000       0x16 c:/program files (x86)/atmel/studio/7.0/toolchain/avr8/avr8-gnu-toolchain/bin/../lib/gcc/avr/5.4.0/avr5\libgcc.a(_muluhisi3.o)
 .text.libgcc.div
                0x00000000        0x0 c:/program files (x86)/atmel/studio/7.0/toolchain/avr8/avr8-gnu-toolchain/bin/../lib/gcc/avr/5.4.0/avr5\libgcc.a(_muluhisi3.o)
 .text.libgcc   0x00000000        0x0 c:/program files (x86)/atmel/studio/7.0/toolchain/avr8/avr8-gnu-toolchain/bin/../lib/gcc/avr/5.4.0/avr5\libgcc.a(_muluhisi3.o)
 .text.libgcc.prologue
                0x00000000        0x0 c:/program files (x86)/atmel/studio/7.0/toolchain/avr8/avr8-gnu-toolchain/bin/../lib/gcc/avr/5.4.0/avr5\libgcc.a(_muluhisi3.o)
 .text.libgcc.builtins
                0x00000000        0x0 c:/program files (x86)/atmel/studio/7.0/toolchain/avr8/avr8-gnu-toolchain/bin/../lib/gcc/avr/5.4.0/avr5\libgcc.a(_muluhisi3.o)
 .text.libgcc.fmul
                0x00000000        0x0 c:/program files (x86)/atmel/studio/7.0/toolchain/avr8/avr8-gnu-toolchain/bin/../lib/gcc/avr/5.4.0/avr5\libgcc.a(_muluhisi3.o)
 .text.libgcc.fixed
                0x00000000        0x0 c:/program files (x86)/atmel/studio/7.0/toolchain/avr8/avr8-gnu-toolchain/bin/../lib/gcc/avr/5.4.0/avr5\libgcc.a(_muluhisi3.o)
 .text          0x00000000        0x0 c:/program files (x86)/atmel/studio/7.0/toolchain/avr8/avr8-gnu-toolchain/bin/../lib/gcc/avr/5.4.0/avr5\libgcc.a(_tablejump2.o)
 .data          0x00000000        0x0 c:/program files (x86)/atmel/studio/7.0/toolchain/avr8/avr8-gnu-toolchain/bin/../lib/gcc/avr/5.4.0/avr5\libgcc.a(_tablejump2.o)
 .bss           0x00000000        0x0 c:/program files (x86)/atmel/studio/7.0/toolchain/avr8/avr8-gnu-toolchain/bin/../lib/gcc/avr/5.4.0/avr5\libgcc.a(_tablejump2.o)
 .text.libgcc.mul
                0x00000000        0x0 c:/program files (x86)/atmel/studio/7.0/toolchain/avr8/avr8-gnu-toolchain/bin/../lib/gcc/avr/5.4.0/avr5\libgcc.a(_tablejump2.o)
 .text.libgcc.div
                0x00000000        0x0 c:/program files (x86)/atmel/studio/7.0/toolchain/avr8/avr8-gnu-toolchain/bin/../lib/gcc/avr/5.4.0/avr5\libgcc.a(_tablejump2.o)
 .text.libgcc.prologue
                0x00000000        0x0 c:/program files (x86)/atmel/studio/7.0/toolchain/avr8/avr8-gnu-toolchain/bin/../lib/gcc/avr/5.4.0/avr5\libgcc.a(_tablejump2.o)
 .text.libgcc.builtins
                0x00000000        0x0 c:/program files (x86)/atmel/studio/7.0/toolchain/avr8/avr8-gnu-toolchain/bin/../lib/gcc/avr/5.4.0/avr5\libgcc.a(_tablejump2.o)
 .text.libgcc.fmul
                0x00000000        0x0 c:/program files (x86)/atmel/studio/7.0/toolchain/avr8/avr8-gnu-toolchain/bin/../lib/gcc/avr/5.4.0/avr5\libgcc.a(_tablejump2.o)
 .text.libgcc.fixed
                0x00000000        0x0 c:/program files (x86)/atmel/studio/7.0/toolchain/avr8/avr8-gnu-toolchain/bin/../lib/gcc/avr/5.4.0/avr5\libgcc.a(_tablejump2.o)
 .text          0x00000000        0x0 c:/program files (x86)/atmel/studio/7.0/toolchain/avr8/avr8-gnu-toolchain/bin/../lib/gcc/avr/5.4.0/../../../../avr/lib/avr5\libc.a(memmove.o)
 .data          0x00000000        0x0 c:/program files (x86)/atmel/studio/7.0/toolchain/avr8/avr8-gnu-toolchain/bin/../lib/gcc/avr/5.4.0/../../../../avr/lib/avr5\libc.a(memmove.o)
 .bss           0x00000000        0x0 c:/program files (x86)/atmel/studio/7.0/toolchain/avr8/avr8-gnu-toolchain/bin/../lib/gcc/avr/5.4.0/../../../../avr/lib/avr5\libc.a(memmove.o)
 .text.avr-libc
                0x00000000       0x24 c:/program files (x86)/atmel/studio/7.0/toolchain/avr8/avr8-gnu-toolchain/bin/../lib/gcc/avr/5.4.0/../../../../avr/lib/avr5\libc.a(memmove.o)
 .text          0x00000000        0x0 c:/program files (x86)/atmel/studio/7.0/toolchain/avr8/avr8-gnu-toolchain/bin/../lib/gcc/avr/5.4.0/../../../../avr/lib/avr5\libc.a(memcpy.o)
 .data          0x00000000        0x0 c:/program files (x86)/atmel/studio/7.0/toolchain/avr8/avr8-gnu-toolchain/bin/../lib/gcc/avr/5.4.0/../../../../avr/lib/avr5\libc.a(memcpy.o)
 .bss           0x00000000        0x0 c:/program files (x86)/atmel/studio/7.0/toolchain/avr8/avr8-gnu-toolchain/bin/../lib/gcc/avr/5.4.0/../../../../avr/lib/avr5\libc.a(memcpy.o)
 .text.avr-libc
                0x00000000       0x12 c:/program files (x86)/atmel/studio/7.0/toolchain/avr8/avr8-gnu-toolchain/bin/../lib/gcc/avr/5.4.0/../../../../avr/lib/avr5\libc.a(memcpy.o)

Memory Configuration

Name             Origin             Length             Attributes
text             0x00000000         0x00008000         xr
data             0x00800100         0x00000800         rw !x
eeprom           0x00810000         0x00000400         rw !x
fuse             0x00820000         0x00000003         rw !x
lock             0x00830000         0x00000400         rw !x
signature        0x00840000         0x00000400         rw !x
user_signatures  0x00850000         0x00000400         rw !x
*default*        0x00000000         0xffffffff

Linker script and memory map

Address of section .data set to 0x800100
LOAD C:/Program Files (x86)/Atmel/Studio/7.0/Packs/atmel/ATmega_DFP/1.7.374/gcc/dev/atmega328p/avr5/crtatmega328p.o
LOAD src/Datalink.o
LOAD src/Gameplay.o
LOAD src/Graphics.o
LOAD src/hal/hardware_timer.o
LOAD src/hal/spi.o
LOAD src/hal/st7735.o
LOAD src/hal/uart.o
LOAD src/main.o
LOAD src/Menu.o
LOAD src/Messenger.o
LOAD src/Playlist.o
LOAD src/SoftwareTimer.o
LOAD src/Soundboard.o
START GROUP
LOAD c:/program files (x86)/atmel/studio/7.0/toolchain/avr8/avr8-gnu-toolchain/bin/../lib/gcc/avr/5.4.0/../../../../avr/lib/avr5\libm.a
END GROUP
LOAD c:/program files (x86)/atmel/studio/7.0/toolchain/avr8/avr8-gnu-toolchain/bin/../lib/gcc/avr/5.4.0/avr5\libgcc.a
LOAD c:/program files (x86)/atmel/studio/7.0/toolchain/avr8/avr8-gnu-toolchain/bin/../lib/gcc/avr/5.4.0/../../../../avr/lib/avr5\libm.a
START GROUP
LOAD c:/program files (x86)/atmel/studio/7.0/toolchain/avr8/avr8-gnu-toolchain/bin/../lib/gcc/avr/5.4.0/avr5\libgcc.a
LOAD c:/program files (x86)/atmel/studio/7.0/toolchain/avr8/avr8-gnu-toolchain/bin/../lib/gcc/avr/5.4.0/../../../../avr/lib/avr5\libm.a
LOAD c:/program files (x86)/atmel/studio/7.0/toolchain/avr8/avr8-gnu-toolchain/bin/../lib/gcc/avr/5.4.0/../../../../avr/lib/avr5\libc.a
LOAD C:/Program Files (x86)/Atmel/Studio/7.0/Packs/atmel/ATmega_DFP/1.7.374/gcc/dev/atmega328p/avr5\libatmega328p.a
END GROUP
                0x00000000                __TEXT_REGION_ORIGIN__ = DEFINED (__TEXT_REGION_ORIGIN__)?__TEXT_REGION_ORIGIN__:0x0
                [0x00800100]                __DATA_REGION_ORIGIN__ = DEFINED (__DATA_REGION_ORIGIN__)?__DATA_REGION_ORIGIN__:0x800060
                [0x00008000]                __TEXT_REGION_LENGTH__ = DEFINED (__TEXT_REGION_LENGTH__)?__TEXT_REGION_LENGTH__:0x20000
                [0x00000800]                __DATA_REGION_LENGTH__ = DEFINED (__DATA_REGION_LENGTH__)?__DATA_REGION_LENGTH__:0xffa0
                [0x00000400]                __EEPROM_REGION_LENGTH__ = DEFINED (__EEPROM_REGION_LENGTH__)?__EEPROM_REGION_LENGTH__:0x10000
                [0x00000003]                __FUSE_REGION_LENGTH__ = DEFINED (__FUSE_REGION_LENGTH__)?__FUSE_REGION_LENGTH__:0x400
                0x00000400                __LOCK_REGION_LENGTH__ = DEFINED (__LOCK_REGION_LENGTH__)?__LOCK_REGION_LENGTH__:0x400
                0x00000400                __SIGNATURE_REGION_LENGTH__ = DEFINED (__SIGNATURE_REGION_LENGTH__)?__SIGNATURE_REGION_LENGTH__:0x400
                0x00000400                __USER_SIGNATURE_REGION_LENGTH__ = DEFINED (__USER_SIGNATURE_REGION_LENGTH__)?__USER_SIGNATURE_REGION_LENGTH__:0x400

.hash
 *(.hash)

.dynsym
 *(.dynsym)

.dynstr
 *(.dynstr)

.gnu.version
 *(.gnu.version)

.gnu.version_d
 *(.gnu.version_d)

.gnu.version_r
 *(.gnu.version_r)

.rel.init
 *(.rel.init)

.rela.init
 *(.rela.init)

.rel.text
 *(.rel.text)
 *(.rel.text.*)
 *(.rel.gnu.linkonce.t*)

.rela.text
 *(.rela.text)
 *(.rela.text.*)
 *(.rela.gnu.linkonce.t*)

.rel.fini
 *(.rel.fini)

.rela.fini
 *(.rela.fini)

.rel.rodata
 *(.rel.rodata)
 *(.rel.rodata.*)
 *(.rel.gnu.linkonce.r*)

.rela.rodata
 *(.rela.rodata)
 *(.rela.rodata.*)
 *(.rela.gnu.linkonce.r*)

.rel.data
 *(.rel.data)
 *(.rel.data.*)
 *(.rel.gnu.linkonce.d*)

.rela.data
 *(.rela.data)
 *(.rela.data.*)
 *(.rela.gnu.linkonce.d*)

.rel.ctors
 *(.rel.ctors)

.rela.ctors
 *(.rela.ctors)

.rel.dtors
 *(.rel.dtors)

.rela.dtors
 *(.rela.dtors)

.rel.got
 *(.rel.got)

.rela.got
 *(.rela.got)

.rel.bss
 *(.rel.bss)

.rela.bss
 *(.rela.bss)

.rel.plt
 *(.rel.plt)

.rela.plt
 *(.rela.plt)

.text           0x00000000     0x2684
 *(.vectors)
 .vectors       0x00000000       0x68 C:/Program Files (x86)/Atmel/Studio/7.0/Packs/atmel/ATmega_DFP/1.7.374/gcc/dev/atmega328p/avr5/crtatmega328p.o
                0x00000000                __vector_default
                0x00000000                __vectors
 *(.vectors)
 *(.progmem.gcc*)
                0x00000068                . = ALIGN (0x2)
                0x00000068                __trampolines_start = .
 *(.trampolines)
 .trampolines   0x00000068        0x0 linker stubs
 *(.trampolines*)
                0x00000068                __trampolines_end = .
 *libprintf_flt.a:*(.progmem.data)
 *libc.a:*(.progmem.data)
 *(.progmem*)
 .progmem.data._ZL14spaceship_mask
                0x00000068       0x20 src/Graphics.o
 .progmem.data._ZL7font5x7
                0x00000088      0x1db src/Graphics.o
                0x00000264                . = ALIGN (0x2)
 *fill*         0x00000263        0x1 
 *(.jumptables)
 *(.jumptables*)
 *(.lowtext)
 *(.lowtext*)
                0x00000264                __ctors_start = .
 *(.ctors)
 .ctors         0x00000264        0x2 src/Playlist.o
                0x00000266                __ctors_end = .
                0x00000266                __dtors_start = .
 *(.dtors)
                0x00000266                __dtors_end = .
 SORT(*)(.ctors)
 SORT(*)(.dtors)
 *(.init0)
 .init0         0x00000266        0x0 C:/Program Files (x86)/Atmel/Studio/7.0/Packs/atmel/ATmega_DFP/1.7.374/gcc/dev/atmega328p/avr5/crtatmega328p.o
                0x00000266                __init
 *(.init0)
 *(.init1)
 *(.init1)
 *(.init2)
 .init2         0x00000266        0xc C:/Program Files (x86)/Atmel/Studio/7.0/Packs/atmel/ATmega_DFP/1.7.374/gcc/dev/atmega328p/avr5/crtatmega328p.o
 *(.init2)
 *(.init3)
 *(.init3)
 *(.init4)
 .init4         0x00000272       0x16 c:/program files (x86)/atmel/studio/7.0/toolchain/avr8/avr8-gnu-toolchain/bin/../lib/gcc/avr/5.4.0/avr5\libgcc.a(_copy_data.o)
                0x00000272                __do_copy_data
 .init4         0x00000288       0x10 c:/program files (x86)/atmel/studio/7.0/toolchain/avr8/avr8-gnu-toolchain/bin/../lib/gcc/avr/5.4.0/avr5\libgcc.a(_clear_bss.o)
                0x00000288                __do_clear_bss
 *(.init4)
 *(.init5)
 *(.init5)
 *(.init6)
 .init6         0x00000298       0x16 c:/program files (x86)/atmel/studio/7.0/toolchain/avr8/avr8-gnu-toolchain/bin/../lib/gcc/avr/5.4.0/avr5\libgcc.a(_ctors.o)
                0x00000298                __do_global_ctors
 *(.init6)
 *(.init7)
 *(.init7)
 *(.init8)
 *(.init8)
 *(.init9)
 .init9         0x000002ae        0x8 C:/Program Files (x86)/Atmel/Studio/7.0/Packs/atmel/ATmega_DFP/1.7.374/gcc/dev/atmega328p/avr5/crtatmega328p.o
 *(.init9)
 *(.text)
 .text          0x000002b6        0x4 C:/Program Files (x86)/Atmel/Studio/7.0/Packs/atmel/ATmega_DFP/1.7.374/gcc/dev/atmega328p/avr5/crtatmega328p.o
                0x000002b6                __vector_22
                0x000002b6                __vector_1
                0x000002b6                __vector_24
                0x000002b6                __vector_12
                0x000002b6                __bad_interrupt
                0x000002b6                __vector_6
                0x000002b6                __vector_3
                0x000002b6                __vector_23
                0x000002b6                __vector_25
                0x000002b6                __vector_11
                0x000002b6                __vector_13
                0x000002b6                __vector_17
                0x000002b6                __vector_7
                0x000002b6                __vector_5
                0x000002b6                __vector_4
                0x000002b6                __vector_9
                0x000002b6                __vector_2
                0x000002b6                __vector_21
                0x000002b6                __vector_15
                0x000002b6                __vector_8
                0x000002b6                __vector_10
                0x000002b6                __vector_16
                0x000002b6                __vector_20
                0x000002ba                . = ALIGN (0x2)
 *(.text.*)
 .text._Z13gameplay_initv
                0x000002ba       0xa8 src/Gameplay.o
                0x000002ba                _Z13gameplay_initv
 .text._Z18process_projectileR10Projectileb
                0x00000362      0x246 src/Gameplay.o
                0x00000362                _Z18process_projectileR10Projectileb
 .text._Z13gameplay_tickv
                0x000005a8      0x4ac src/Gameplay.o
                0x000005a8                _Z13gameplay_tickv
 .text._Z9draw_chariicjj
                0x00000a54       0xae src/Graphics.o
                0x00000a54                _Z9draw_chariicjj
 .text._Z11draw_stringiiPKcjj
                0x00000b02       0x58 src/Graphics.o
                0x00000b02                _Z11draw_stringiiPKcjj
 .text._Z9draw_shipiij
                0x00000b5a       0x9a src/Graphics.o
                0x00000b5a                _Z9draw_shipiij
 .text.hardware_timer_init
                0x00000bf4       0x3a src/hal/hardware_timer.o
                0x00000bf4                hardware_timer_init
 .text.hardware_pwm_init
                0x00000c2e       0x2c src/hal/hardware_timer.o
                0x00000c2e                hardware_pwm_init
 .text.hardware_pwm_set
                0x00000c5a       0x62 src/hal/hardware_timer.o
                0x00000c5a                hardware_pwm_set
 .text.hardware_pwm_reset
                0x00000cbc       0x2c src/hal/hardware_timer.o
                0x00000cbc                hardware_pwm_reset
 .text.micros   0x00000ce8       0x22 src/hal/hardware_timer.o
                0x00000ce8                micros
 .text.__vector_14
                0x00000d0a       0x54 src/hal/hardware_timer.o
                0x00000d0a                __vector_14
 .text.spi_init
                0x00000d5e       0x1c src/hal/spi.o
                0x00000d5e                spi_init
 .text.spi_transfer
                0x00000d7a        0xc src/hal/spi.o
                0x00000d7a                spi_transfer
 .text.st7735_write_command
                0x00000d86       0x18 src/hal/st7735.o
                0x00000d86                st7735_write_command
 .text.st7735_write_data
                0x00000d9e       0x18 src/hal/st7735.o
                0x00000d9e                st7735_write_data
 .text.st7735_init
                0x00000db6       0x9e src/hal/st7735.o
                0x00000db6                st7735_init
 .text.st7735_fill_screen
                0x00000e54       0x9c src/hal/st7735.o
                0x00000e54                st7735_fill_screen
 .text.st7735_fill_rect
                0x00000ef0       0xd6 src/hal/st7735.o
                0x00000ef0                st7735_fill_rect
 .text.st7735_draw_pixel
                0x00000fc6       0x7a src/hal/st7735.o
                0x00000fc6                st7735_draw_pixel
 .text.__vector_18
                0x00001040       0x4e src/hal/uart.o
                0x00001040                __vector_18
 .text.__vector_19
                0x0000108e       0x52 src/hal/uart.o
                0x0000108e                __vector_19
 .text.main     0x000010e0       0x82 src/main.o
                0x000010e0                main
 .text._ZL9draw_menuv
                0x00001162       0xce src/Menu.o
 .text._Z9menu_initv
                0x00001230       0x30 src/Menu.o
                0x00001230                _Z9menu_initv
 .text._Z9menu_tickv
                0x00001260       0xec src/Menu.o
                0x00001260                _Z9menu_tickv
 .text._Z41__static_initialization_and_destruction_0ii
                0x0000134c       0x72 src/Playlist.o
 .text._ZN10Soundboard12initPlaylistEv
                0x000013be      0xf9e src/Playlist.o
                0x000013be                _ZN10Soundboard12initPlaylistEv
 .text._GLOBAL__sub_I__ZN10Soundboard9soundListE
                0x0000235c        0xe src/Playlist.o
 .text._ZN17SoftwareTimerPool13initTimerPoolEh
                0x0000236a       0x14 src/SoftwareTimer.o
                0x0000236a                _ZN17SoftwareTimerPool13initTimerPoolEh
 .text._ZN17SoftwareTimerPool12acquireTimerEv
                0x0000237e       0x26 src/SoftwareTimer.o
                0x0000237e                _ZN17SoftwareTimerPool12acquireTimerEv
 .text._ZN17SoftwareTimerPool4tickEv
                0x000023a4       0xbe src/SoftwareTimer.o
                0x000023a4                _ZN17SoftwareTimerPool4tickEv
 .text._ZN13SoftwareTimer12startTimerUsEm
                0x00002462        0xc src/SoftwareTimer.o
                0x00002462                _ZN13SoftwareTimer12startTimerUsEm
 .text._ZN13SoftwareTimer6isDoneEv
                0x0000246e       0x18 src/SoftwareTimer.o
                0x0000246e                _ZN13SoftwareTimer6isDoneEv
 .text._ZN13SoftwareTimer4stopEv
                0x00002486        0xc src/SoftwareTimer.o
                0x00002486                _ZN13SoftwareTimer4stopEv
 .text._ZN10Soundboard14initSoundboardEv
                0x00002492       0x16 src/Soundboard.o
                0x00002492                _ZN10Soundboard14initSoundboardEv
 .text._ZN10Soundboard4playEv
                0x000024a8      0x16a src/Soundboard.o
                0x000024a8                _ZN10Soundboard4playEv
 .text.libgcc.div
                0x00002612       0x44 c:/program files (x86)/atmel/studio/7.0/toolchain/avr8/avr8-gnu-toolchain/bin/../lib/gcc/avr/5.4.0/avr5\libgcc.a(_udivmodsi4.o)
                0x00002612                __udivmodsi4
 .text.libgcc.mul
                0x00002656       0x1e c:/program files (x86)/atmel/studio/7.0/toolchain/avr8/avr8-gnu-toolchain/bin/../lib/gcc/avr/5.4.0/avr5\libgcc.a(_umulhisi3.o)
                0x00002656                __umulhisi3
 .text.libgcc   0x00002674        0xc c:/program files (x86)/atmel/studio/7.0/toolchain/avr8/avr8-gnu-toolchain/bin/../lib/gcc/avr/5.4.0/avr5\libgcc.a(_tablejump2.o)
                0x00002674                __tablejump2__
                0x00002680                . = ALIGN (0x2)
 *(.fini9)
 .fini9         0x00002680        0x0 c:/program files (x86)/atmel/studio/7.0/toolchain/avr8/avr8-gnu-toolchain/bin/../lib/gcc/avr/5.4.0/avr5\libgcc.a(_exit.o)
                0x00002680                _exit
                0x00002680                exit
 *(.fini9)
 *(.fini8)
 *(.fini8)
 *(.fini7)
 *(.fini7)
 *(.fini6)
 *(.fini6)
 *(.fini5)
 *(.fini5)
 *(.fini4)
 *(.fini4)
 *(.fini3)
 *(.fini3)
 *(.fini2)
 *(.fini2)
 *(.fini1)
 *(.fini1)
 *(.fini0)
 .fini0         0x00002680        0x4 c:/program files (x86)/atmel/studio/7.0/toolchain/avr8/avr8-gnu-toolchain/bin/../lib/gcc/avr/5.4.0/avr5\libgcc.a(_exit.o)
 *(.fini0)
                0x00002684                _etext = .

.data           0x00800100       0x30 load address 0x00002684
                0x00800100                PROVIDE (__data_start, .)
 *(.data)
 *(.data*)
 .data._ZZ13gameplay_tickvE14last_pd4_state
                0x00800100        0x1 src/Gameplay.o
 .data._ZL1x    0x00800101        0x1 src/Gameplay.o
 .data.MENU_ITEMS
                0x00800102        0x6 src/Menu.o
                0x00800102                MENU_ITEMS
 *(.gnu.linkonce.d*)
 *(.rodata)
 *(.rodata*)
 .rodata.str1.1
                0x00800108       0x27 src/Menu.o
 *(.gnu.linkonce.r*)
                0x00800130                . = ALIGN (0x2)
 *fill*         0x0080012f        0x1 
                0x00800130                _edata = .
                0x00800130                PROVIDE (__data_end, .)

.bss            0x00800130      0x4e5
                0x00800130                PROVIDE (__bss_start, .)
 *(.bss)
 *(.bss*)
 .bss._ZL17fireCooldownTimer
                0x00800130        0x2 src/Gameplay.o
 .bss._ZL15projectileTimer
                0x00800132        0x2 src/Gameplay.o
 .bss._ZL8btnTimer
                0x00800134        0x2 src/Gameplay.o
 .bss._ZL9btn_state
                0x00800136        0x1 src/Gameplay.o
 .bss._ZL6last_A
                0x00800137        0x1 src/Gameplay.o
 .bss._ZL12enemy_lasers
                0x00800138       0x38 src/Gameplay.o
 .bss._ZL13player_lasers
                0x00800170       0x38 src/Gameplay.o
 .bss.burstTimer
                0x008001a8        0x2 src/Gameplay.o
                0x008001a8                burstTimer
 .bss.burst_shots_left
                0x008001aa        0x1 src/Gameplay.o
                0x008001aa                burst_shots_left
 .bss.current_weapon
                0x008001ab        0x1 src/Gameplay.o
                0x008001ab                current_weapon
 .bss.period_us
                0x008001ac        0x1 src/hal/hardware_timer.o
                0x008001ac                period_us
 .bss.current_microseconds
                0x008001ad        0x4 src/hal/hardware_timer.o
                0x008001ad                current_microseconds
 .bss.rx_handler
                0x008001b1       0x81 src/hal/uart.o
                0x008001b1                rx_handler
 .bss.tx_handler
                0x00800232       0x81 src/hal/uart.o
                0x00800232                tx_handler
 .bss._ZL12menuBtnTimer
                0x008002b3        0x2 src/Menu.o
 .bss._ZL9btn_state
                0x008002b5        0x1 src/Menu.o
 .bss._ZL10last_enc_A
                0x008002b6        0x1 src/Menu.o
 .bss._ZL13selected_item
                0x008002b7        0x1 src/Menu.o
 .bss._ZN10Soundboard10melodyListE
                0x008002b8      0x20c src/Playlist.o
                0x008002b8                _ZN10Soundboard10melodyListE
 .bss._ZN10Soundboard9soundListE
                0x008004c4      0x102 src/Playlist.o
                0x008004c4                _ZN10Soundboard9soundListE
 .bss._ZN17SoftwareTimerPool8timerNumE
                0x008005c6        0x1 src/SoftwareTimer.o
                0x008005c6                _ZN17SoftwareTimerPool8timerNumE
 .bss._ZN17SoftwareTimerPool13lastTimestampE
                0x008005c7        0x4 src/SoftwareTimer.o
                0x008005c7                _ZN17SoftwareTimerPool13lastTimestampE
 .bss._ZN17SoftwareTimerPool11initializedE
                0x008005cb        0x1 src/SoftwareTimer.o
                0x008005cb                _ZN17SoftwareTimerPool11initializedE
 .bss._ZN17SoftwareTimerPool9timerListE
                0x008005cc       0x40 src/SoftwareTimer.o
                0x008005cc                _ZN17SoftwareTimerPool9timerListE
 .bss._ZN10Soundboard13currentRecordE
                0x0080060c        0x2 src/Soundboard.o
                0x0080060c                _ZN10Soundboard13currentRecordE
 .bss._ZN10Soundboard13currentMelodyE
                0x0080060e        0x2 src/Soundboard.o
                0x0080060e                _ZN10Soundboard13currentMelodyE
 .bss._ZN10Soundboard12currentSoundE
                0x00800610        0x2 src/Soundboard.o
                0x00800610                _ZN10Soundboard12currentSoundE
 .bss._ZN10Soundboard9isPlayingE
                0x00800612        0x1 src/Soundboard.o
                0x00800612                _ZN10Soundboard9isPlayingE
 .bss._ZN10Soundboard9toneTimerE
                0x00800613        0x2 src/Soundboard.o
                0x00800613                _ZN10Soundboard9toneTimerE
 *(COMMON)
                0x00800615                PROVIDE (__bss_end, .)
                0x00002684                __data_load_start = LOADADDR (.data)
                0x000026b4                __data_load_end = (__data_load_start + SIZEOF (.data))

.noinit         0x00800615        0x0
                [!provide]                PROVIDE (__noinit_start, .)
 *(.noinit*)
                [!provide]                PROVIDE (__noinit_end, .)
                0x00800615                _end = .
                [!provide]                PROVIDE (__heap_start, .)

.eeprom         0x00810000        0x0
 *(.eeprom*)
                0x00810000                __eeprom_end = .

.fuse
 *(.fuse)
 *(.lfuse)
 *(.hfuse)
 *(.efuse)

.lock
 *(.lock*)

.signature
 *(.signature*)

.user_signatures
 *(.user_signatures*)

.stab
 *(.stab)

.stabstr
 *(.stabstr)

.stab.excl
 *(.stab.excl)

.stab.exclstr
 *(.stab.exclstr)

.stab.index
 *(.stab.index)

.stab.indexstr
 *(.stab.indexstr)

.comment        0x00000000       0x30
 *(.comment)
 .comment       0x00000000       0x30 src/Gameplay.o
                                 0x31 (size before relaxing)
 .comment       0x00000030       0x31 src/Graphics.o
 .comment       0x00000030       0x31 src/hal/hardware_timer.o
 .comment       0x00000030       0x31 src/hal/spi.o
 .comment       0x00000030       0x31 src/hal/st7735.o
 .comment       0x00000030       0x31 src/hal/uart.o
 .comment       0x00000030       0x31 src/main.o
 .comment       0x00000030       0x31 src/Menu.o
 .comment       0x00000030       0x31 src/Playlist.o
 .comment       0x00000030       0x31 src/SoftwareTimer.o
 .comment       0x00000030       0x31 src/Soundboard.o

.note.gnu.avr.deviceinfo
                0x00000000       0x40
 .note.gnu.avr.deviceinfo
                0x00000000       0x40 C:/Program Files (x86)/Atmel/Studio/7.0/Packs/atmel/ATmega_DFP/1.7.374/gcc/dev/atmega328p/avr5/crtatmega328p.o

.note.gnu.build-id
 *(.note.gnu.build-id)

.debug
 *(.debug)

.line
 *(.line)

.debug_srcinfo
 *(.debug_srcinfo)

.debug_sfnames
 *(.debug_sfnames)

.debug_aranges  0x00000000      0x258
 *(.debug_aranges)
 .debug_aranges
                0x00000000       0x38 src/Gameplay.o
 .debug_aranges
                0x00000038       0x30 src/Graphics.o
 .debug_aranges
                0x00000068       0x48 src/hal/hardware_timer.o
 .debug_aranges
                0x000000b0       0x28 src/hal/spi.o
 .debug_aranges
                0x000000d8       0x48 src/hal/st7735.o
 .debug_aranges
                0x00000120       0x48 src/hal/uart.o
 .debug_aranges
                0x00000168       0x20 src/main.o
 .debug_aranges
                0x00000188       0x30 src/Menu.o
 .debug_aranges
                0x000001b8       0x30 src/Playlist.o
 .debug_aranges
                0x000001e8       0x48 src/SoftwareTimer.o
 .debug_aranges
                0x00000230       0x28 src/Soundboard.o

.debug_pubnames
 *(.debug_pubnames)

.debug_info     0x00000000     0x59e1
 *(.debug_info .gnu.linkonce.wi.*)
 .debug_info    0x00000000      0x5f4 C:/Program Files (x86)/Atmel/Studio/7.0/Packs/atmel/ATmega_DFP/1.7.374/gcc/dev/atmega328p/avr5/crtatmega328p.o
 .debug_info    0x000005f4     0x11b6 src/Gameplay.o
 .debug_info    0x000017aa      0x3c4 src/Graphics.o
 .debug_info    0x00001b6e      0x357 src/hal/hardware_timer.o
 .debug_info    0x00001ec5       0xad src/hal/spi.o
 .debug_info    0x00001f72      0x744 src/hal/st7735.o
 .debug_info    0x000026b6      0x30f src/hal/uart.o
 .debug_info    0x000029c5      0x8cb src/main.o
 .debug_info    0x00003290      0x5f3 src/Menu.o
 .debug_info    0x00003883     0x1467 src/Playlist.o
 .debug_info    0x00004cea      0x434 src/SoftwareTimer.o
 .debug_info    0x0000511e      0x8c3 src/Soundboard.o

.debug_abbrev   0x00000000     0x1d1c
 *(.debug_abbrev)
 .debug_abbrev  0x00000000      0x5a2 C:/Program Files (x86)/Atmel/Studio/7.0/Packs/atmel/ATmega_DFP/1.7.374/gcc/dev/atmega328p/avr5/crtatmega328p.o
 .debug_abbrev  0x000005a2      0x428 src/Gameplay.o
 .debug_abbrev  0x000009ca      0x114 src/Graphics.o
 .debug_abbrev  0x00000ade      0x16f src/hal/hardware_timer.o
 .debug_abbrev  0x00000c4d       0x7a src/hal/spi.o
 .debug_abbrev  0x00000cc7      0x152 src/hal/st7735.o
 .debug_abbrev  0x00000e19      0x1c6 src/hal/uart.o
 .debug_abbrev  0x00000fdf      0x2bb src/main.o
 .debug_abbrev  0x0000129a      0x2a4 src/Menu.o
 .debug_abbrev  0x0000153e      0x2c8 src/Playlist.o
 .debug_abbrev  0x00001806      0x283 src/SoftwareTimer.o
 .debug_abbrev  0x00001a89      0x293 src/Soundboard.o

.debug_line     0x00000000     0x237f
 *(.debug_line .debug_line.* .debug_line_end)
 .debug_line    0x00000000      0x134 C:/Program Files (x86)/Atmel/Studio/7.0/Packs/atmel/ATmega_DFP/1.7.374/gcc/dev/atmega328p/avr5/crtatmega328p.o
 .debug_line    0x00000134      0x771 src/Gameplay.o
 .debug_line    0x000008a5      0x1b7 src/Graphics.o
 .debug_line    0x00000a5c      0x364 src/hal/hardware_timer.o
 .debug_line    0x00000dc0       0xe8 src/hal/spi.o
 .debug_line    0x00000ea8      0x393 src/hal/st7735.o
 .debug_line    0x0000123b      0x2d9 src/hal/uart.o
 .debug_line    0x00001514      0x1dc src/main.o
 .debug_line    0x000016f0      0x24f src/Menu.o
 .debug_line    0x0000193f      0x6ad src/Playlist.o
 .debug_line    0x00001fec      0x1c1 src/SoftwareTimer.o
 .debug_line    0x000021ad      0x1d2 src/Soundboard.o

.debug_frame    0x00000000      0x5bc
 *(.debug_frame)
 .debug_frame   0x00000000       0xb0 src/Gameplay.o
 .debug_frame   0x000000b0       0xf0 src/Graphics.o
 .debug_frame   0x000001a0       0x98 src/hal/hardware_timer.o
 .debug_frame   0x00000238       0x34 src/hal/spi.o
 .debug_frame   0x0000026c       0xcc src/hal/st7735.o
 .debug_frame   0x00000338       0xdc src/hal/uart.o
 .debug_frame   0x00000414       0x24 src/main.o
 .debug_frame   0x00000438       0x70 src/Menu.o
 .debug_frame   0x000004a8       0x44 src/Playlist.o
 .debug_frame   0x000004ec       0x9c src/SoftwareTimer.o
 .debug_frame   0x00000588       0x34 src/Soundboard.o

.debug_str      0x00000000     0x13d8
 *(.debug_str)
 .debug_str     0x00000000      0x208 C:/Program Files (x86)/Atmel/Studio/7.0/Packs/atmel/ATmega_DFP/1.7.374/gcc/dev/atmega328p/avr5/crtatmega328p.o
 .debug_str     0x00000208      0xaeb src/Gameplay.o
                                0xb98 (size before relaxing)
 .debug_str     0x00000cf3       0x93 src/Graphics.o
                                0x2ac (size before relaxing)
 .debug_str     0x00000d86      0x171 src/hal/hardware_timer.o
                                0x277 (size before relaxing)
 .debug_str     0x00000ef7       0x27 src/hal/spi.o
                                0x1be (size before relaxing)
 .debug_str     0x00000f1e       0xab src/hal/st7735.o
                                0x29d (size before relaxing)
 .debug_str     0x00000fc9       0xb9 src/hal/uart.o
                                0x294 (size before relaxing)
 .debug_str     0x00001082       0x86 src/main.o
                                0x911 (size before relaxing)
 .debug_str     0x00001108       0xba src/Menu.o
                                0x5b6 (size before relaxing)
 .debug_str     0x000011c2       0xa4 src/Playlist.o
                                0x74c (size before relaxing)
 .debug_str     0x00001266       0xc7 src/SoftwareTimer.o
                                0x4f4 (size before relaxing)
 .debug_str     0x0000132d       0xab src/Soundboard.o
                                0x8be (size before relaxing)

.debug_loc      0x00000000     0x244b
 *(.debug_loc)
 .debug_loc     0x00000000      0x4f5 src/Gameplay.o
 .debug_loc     0x000004f5      0x53e src/Graphics.o
 .debug_loc     0x00000a33      0x245 src/hal/hardware_timer.o
 .debug_loc     0x00000c78       0x1f src/hal/spi.o
 .debug_loc     0x00000c97      0x4d6 src/hal/st7735.o
 .debug_loc     0x0000116d      0x316 src/hal/uart.o
 .debug_loc     0x00001483       0xd5 src/main.o
 .debug_loc     0x00001558       0xdc src/Menu.o
 .debug_loc     0x00001634      0xcb0 src/Playlist.o
 .debug_loc     0x000022e4      0x137 src/SoftwareTimer.o
 .debug_loc     0x0000241b       0x30 src/Soundboard.o

.debug_macinfo
 *(.debug_macinfo)

.debug_weaknames
 *(.debug_weaknames)

.debug_funcnames
 *(.debug_funcnames)

.debug_typenames
 *(.debug_typenames)

.debug_varnames
 *(.debug_varnames)

.debug_pubtypes
 *(.debug_pubtypes)

.debug_ranges   0x00000000      0x1d8
 *(.debug_ranges)
 .debug_ranges  0x00000000       0x28 src/Gameplay.o
 .debug_ranges  0x00000028       0x20 src/Graphics.o
 .debug_ranges  0x00000048       0x38 src/hal/hardware_timer.o
 .debug_ranges  0x00000080       0x18 src/hal/spi.o
 .debug_ranges  0x00000098       0x38 src/hal/st7735.o
 .debug_ranges  0x000000d0       0x38 src/hal/uart.o
 .debug_ranges  0x00000108       0x40 src/main.o
 .debug_ranges  0x00000148       0x20 src/Menu.o
 .debug_ranges  0x00000168       0x20 src/Playlist.o
 .debug_ranges  0x00000188       0x38 src/SoftwareTimer.o
 .debug_ranges  0x000001c0       0x18 src/Soundboard.o

.debug_macro
 *(.debug_macro)
OUTPUT(TheUltimateBattleStarshipSimulator3000.elf elf32-avr)
LOAD linker stubs
